#
# There is insufficient memory for the Java Runtime Environment to continue.
# Native memory allocation (malloc) failed to allocate 264176 bytes. Error detail: Chunk::new
# Possible reasons:
#   The system is out of physical RAM or swap space
#   This process is running with CompressedOops enabled, and the Java Heap may be blocking the growth of the native heap
# Possible solutions:
#   Reduce memory load on the system
#   Increase physical memory or swap space
#   Check if swap backing store is full
#   Decrease Java heap size (-Xmx/-Xms)
#   Decrease number of Java threads
#   Decrease Java thread stack sizes (-Xss)
#   Set larger code cache with -XX:ReservedCodeCacheSize=
#   JVM is running with Zero Based Compressed Oops mode in which the Java heap is
#     placed in the first 32GB address space. The Java Heap base address is the
#     maximum limit for the native heap growth. Please use -XX:HeapBaseMinAddress
#     to set the Java Heap base and to place the Java Heap above 32GB virtual address.
# This output file may be truncated or incomplete.
#
#  Out of Memory Error (arena.cpp:168), pid=55464, tid=52460
#
# JRE version: OpenJDK Runtime Environment JBR-21.0.8+1-1038.72-jcef (21.0.8+1) (build 21.0.8+1-b1038.72)
# Java VM: OpenJDK 64-Bit Server VM JBR-21.0.8+1-1038.72-jcef (21.0.8+1-b1038.72, mixed mode, sharing, tiered, compressed oops, compressed class ptrs, g1 gc, windows-amd64)
# No core dump will be written. Minidumps are not enabled by default on client versions of Windows
#

---------------  S U M M A R Y ------------

Command Line: com.intellij.mcpserver.stdio.McpStdioRunnerKt

Host: AMD Ryzen 7 5800H with Radeon Graphics         , 16 cores, 13G,  Windows 10 , 64 bit Build 19041 (10.0.19041.5915)
Time: Tue Oct 21 19:30:29 2025 GMT Daylight Time elapsed time: 0.569136 seconds (0d 0h 0m 0s)

---------------  T H R E A D  ---------------

Current thread (0x000001bacf5a16c0):  JavaThread "C2 CompilerThread0" daemon [_thread_in_native, id=52460, stack(0x0000001c13f00000,0x0000001c14000000) (1024K)]


Current CompileTask:
C2:569  867   !   4       java.util.concurrent.ConcurrentHashMap::putVal (432 bytes)

Stack: [0x0000001c13f00000,0x0000001c14000000]
Native frames: (J=compiled Java code, j=interpreted, Vv=VM code, C=native code)
V  [jvm.dll+0x6ebeb9]
V  [jvm.dll+0x8cbec3]
V  [jvm.dll+0x8ce47e]
V  [jvm.dll+0x8ceb63]
V  [jvm.dll+0x28adf6]
V  [jvm.dll+0xc6f3d]
V  [jvm.dll+0xc7473]
V  [jvm.dll+0x3c7ab1]
V  [jvm.dll+0x393697]
V  [jvm.dll+0x392b0a]
V  [jvm.dll+0x251d92]
V  [jvm.dll+0x251361]
V  [jvm.dll+0x1ceb64]
V  [jvm.dll+0x260bfe]
V  [jvm.dll+0x25f146]
V  [jvm.dll+0x402ee6]
V  [jvm.dll+0x873a78]
V  [jvm.dll+0x6ea63d]
C  [ucrtbase.dll+0x21bb2]
C  [KERNEL32.DLL+0x17374]
C  [ntdll.dll+0x4cc91]


---------------  P R O C E S S  ---------------

Threads class SMR info:
_java_thread_list=0x000001bacf806030, length=12, elements={
0x000001bab255ca00, 0x000001bacf584cf0, 0x000001bacf58bf80, 0x000001bacf58cca0,
0x000001bacf58e990, 0x000001bacf58f3f0, 0x000001bacf58fe50, 0x000001bacf5928c0,
0x000001bacf5a16c0, 0x000001bacf5abdb0, 0x000001bacf7d8c50, 0x000001bacf8264c0
}

Java Threads: ( => current thread )
  0x000001bab255ca00 JavaThread "main"                              [_thread_in_vm, id=56192, stack(0x0000001c13000000,0x0000001c13100000) (1024K)]
  0x000001bacf584cf0 JavaThread "Common-Cleaner"             daemon [_thread_blocked, id=56080, stack(0x0000001c13800000,0x0000001c13900000) (1024K)]
  0x000001bacf58bf80 JavaThread "Reference Handler"          daemon [_thread_blocked, id=55360, stack(0x0000001c13900000,0x0000001c13a00000) (1024K)]
  0x000001bacf58cca0 JavaThread "Finalizer"                  daemon [_thread_blocked, id=56052, stack(0x0000001c13a00000,0x0000001c13b00000) (1024K)]
  0x000001bacf58e990 JavaThread "Signal Dispatcher"          daemon [_thread_blocked, id=56076, stack(0x0000001c13b00000,0x0000001c13c00000) (1024K)]
  0x000001bacf58f3f0 JavaThread "Attach Listener"            daemon [_thread_blocked, id=55524, stack(0x0000001c13c00000,0x0000001c13d00000) (1024K)]
  0x000001bacf58fe50 JavaThread "Service Thread"             daemon [_thread_blocked, id=55628, stack(0x0000001c13d00000,0x0000001c13e00000) (1024K)]
  0x000001bacf5928c0 JavaThread "Monitor Deflation Thread"   daemon [_thread_blocked, id=55620, stack(0x0000001c13e00000,0x0000001c13f00000) (1024K)]
=>0x000001bacf5a16c0 JavaThread "C2 CompilerThread0"         daemon [_thread_in_native, id=52460, stack(0x0000001c13f00000,0x0000001c14000000) (1024K)]
  0x000001bacf5abdb0 JavaThread "C1 CompilerThread0"         daemon [_thread_blocked, id=56096, stack(0x0000001c14000000,0x0000001c14100000) (1024K)]
  0x000001bacf7d8c50 JavaThread "C1 CompilerThread1"         daemon [_thread_blocked, id=55664, stack(0x0000001c14100000,0x0000001c14200000) (1024K)]
  0x000001bacf8264c0 JavaThread "Notification Thread"        daemon [_thread_blocked, id=54684, stack(0x0000001c14200000,0x0000001c14300000) (1024K)]
Total: 12

Other Threads:
  0x000001bacf56d810 VMThread "VM Thread"                           [id=55404, stack(0x0000001c13700000,0x0000001c13800000) (1024K)]
  0x000001bacf55f270 WatcherThread "VM Periodic Task Thread"        [id=54060, stack(0x0000001c13600000,0x0000001c13700000) (1024K)]
  0x000001bab477d440 WorkerThread "GC Thread#0"                     [id=55528, stack(0x0000001c13100000,0x0000001c13200000) (1024K)]
  0x000001bb1641a1a0 WorkerThread "GC Thread#1"                     [id=56332, stack(0x0000001c14300000,0x0000001c14400000) (1024K)]
  0x000001bb1641a540 WorkerThread "GC Thread#2"                     [id=56336, stack(0x0000001c14400000,0x0000001c14500000) (1024K)]
  0x000001bb1641a8e0 WorkerThread "GC Thread#3"                     [id=56340, stack(0x0000001c14500000,0x0000001c14600000) (1024K)]
  0x000001bb162b0d90 WorkerThread "GC Thread#4"                     [id=56344, stack(0x0000001c14600000,0x0000001c14700000) (1024K)]
  0x000001bb16469bd0 WorkerThread "GC Thread#5"                     [id=56348, stack(0x0000001c14700000,0x0000001c14800000) (1024K)]
  0x000001bab478c390 ConcurrentGCThread "G1 Main Marker"            [id=52880, stack(0x0000001c13200000,0x0000001c13300000) (1024K)]
  0x000001bab478e640 WorkerThread "G1 Conc#0"                       [id=56056, stack(0x0000001c13300000,0x0000001c13400000) (1024K)]
  0x000001bab47de970 ConcurrentGCThread "G1 Refine#0"               [id=52820, stack(0x0000001c13400000,0x0000001c13500000) (1024K)]
  0x000001bacf42c310 ConcurrentGCThread "G1 Service"                [id=55400, stack(0x0000001c13500000,0x0000001c13600000) (1024K)]
Total: 12

Threads with active compile tasks:
C2 CompilerThread0  590  867   !   4       java.util.concurrent.ConcurrentHashMap::putVal (432 bytes)
Total: 1

VM state: not at safepoint (normal execution)

VM Mutex/Monitor currently owned by a thread: None

OutOfMemory and StackOverflow Exception counts:
OutOfMemoryError java_heap_errors=1
LinkageErrors=3

Heap address: 0x0000000722400000, size: 3548 MB, Compressed Oops mode: Zero based, Oop shift amount: 3

CDS archive(s) mapped at: [0x000001bad0000000-0x000001bad1c00000-0x000001bad1c00000), size 29360128, SharedBaseAddress: 0x000001bad0000000, ArchiveRelocationMode: 1.
Compressed class space mapped at: 0x000001bad2000000-0x000001bb12000000, reserved size: 1073741824
Narrow klass base: 0x000001bad0000000, Narrow klass shift: 0, Narrow klass range: 0x100000000

GC Precious Log:
 CardTable entry size: 512
 Card Set container configuration: InlinePtr #cards 4 size 8 Array Of Cards #cards 16 size 48 Howl #buckets 8 coarsen threshold 3686 Howl Bitmap #cards 512 size 80 coarsen threshold 460 Card regions per heap region 1 cards per card region 4096
 CPUs: 16 total, 16 available
 Memory: 14188M
 Large Page Support: Disabled
 NUMA Support: Disabled
 Compressed Oops: Enabled (Zero based)
 Heap Region Size: 2M
 Heap Min Capacity: 8M
 Heap Initial Capacity: 222M
 Heap Max Capacity: 3548M
 Pre-touch: Disabled
 Parallel Workers: 13
 Concurrent Workers: 3
 Concurrent Refinement Workers: 13
 Periodic GC: Disabled

Heap:
 garbage-first heap   total 227328K, used 11820K [0x0000000722400000, 0x0000000800000000)
  region size 2048K, 4 young (8192K), 2 survivors (4096K)
 Metaspace       used 8196K, committed 8384K, reserved 1114112K
  class space    used 874K, committed 960K, reserved 1048576K

Heap Regions: E=young(eden), S=young(survivor), O=old, HS=humongous(starts), HC=humongous(continues), CS=collection set, F=free, TAMS=top-at-mark-start, PB=parsable bottom
|   0|0x0000000722400000, 0x0000000722600000, 0x0000000722600000|100%|HS|  |TAMS 0x0000000722400000| PB 0x0000000722400000| Complete 
|   1|0x0000000722600000, 0x0000000722800000, 0x0000000722800000|100%|HS|  |TAMS 0x0000000722600000| PB 0x0000000722600000| Complete 
|   2|0x0000000722800000, 0x0000000722a00000, 0x0000000722a00000|100%|HC|  |TAMS 0x0000000722800000| PB 0x0000000722800000| Complete 
|   3|0x0000000722a00000, 0x0000000722a00000, 0x0000000722c00000|  0%| F|  |TAMS 0x0000000722a00000| PB 0x0000000722a00000| Untracked 
|   4|0x0000000722c00000, 0x0000000722c00000, 0x0000000722e00000|  0%| F|  |TAMS 0x0000000722c00000| PB 0x0000000722c00000| Untracked 
|   5|0x0000000722e00000, 0x0000000722e00000, 0x0000000723000000|  0%| F|  |TAMS 0x0000000722e00000| PB 0x0000000722e00000| Untracked 
|   6|0x0000000723000000, 0x0000000723000000, 0x0000000723200000|  0%| F|  |TAMS 0x0000000723000000| PB 0x0000000723000000| Untracked 
|   7|0x0000000723200000, 0x0000000723200000, 0x0000000723400000|  0%| F|  |TAMS 0x0000000723200000| PB 0x0000000723200000| Untracked 
|   8|0x0000000723400000, 0x0000000723400000, 0x0000000723600000|  0%| F|  |TAMS 0x0000000723400000| PB 0x0000000723400000| Untracked 
|   9|0x0000000723600000, 0x0000000723600000, 0x0000000723800000|  0%| F|  |TAMS 0x0000000723600000| PB 0x0000000723600000| Untracked 
|  10|0x0000000723800000, 0x0000000723800000, 0x0000000723a00000|  0%| F|  |TAMS 0x0000000723800000| PB 0x0000000723800000| Untracked 
|  11|0x0000000723a00000, 0x0000000723a00000, 0x0000000723c00000|  0%| F|  |TAMS 0x0000000723a00000| PB 0x0000000723a00000| Untracked 
|  12|0x0000000723c00000, 0x0000000723c00000, 0x0000000723e00000|  0%| F|  |TAMS 0x0000000723c00000| PB 0x0000000723c00000| Untracked 
|  13|0x0000000723e00000, 0x0000000723e00000, 0x0000000724000000|  0%| F|  |TAMS 0x0000000723e00000| PB 0x0000000723e00000| Untracked 
|  14|0x0000000724000000, 0x0000000724000000, 0x0000000724200000|  0%| F|  |TAMS 0x0000000724000000| PB 0x0000000724000000| Untracked 
|  15|0x0000000724200000, 0x0000000724200000, 0x0000000724400000|  0%| F|  |TAMS 0x0000000724200000| PB 0x0000000724200000| Untracked 
|  16|0x0000000724400000, 0x0000000724400000, 0x0000000724600000|  0%| F|  |TAMS 0x0000000724400000| PB 0x0000000724400000| Untracked 
|  17|0x0000000724600000, 0x0000000724600000, 0x0000000724800000|  0%| F|  |TAMS 0x0000000724600000| PB 0x0000000724600000| Untracked 
|  18|0x0000000724800000, 0x0000000724800000, 0x0000000724a00000|  0%| F|  |TAMS 0x0000000724800000| PB 0x0000000724800000| Untracked 
|  19|0x0000000724a00000, 0x0000000724a00000, 0x0000000724c00000|  0%| F|  |TAMS 0x0000000724a00000| PB 0x0000000724a00000| Untracked 
|  20|0x0000000724c00000, 0x0000000724c00000, 0x0000000724e00000|  0%| F|  |TAMS 0x0000000724c00000| PB 0x0000000724c00000| Untracked 
|  21|0x0000000724e00000, 0x0000000724e00000, 0x0000000725000000|  0%| F|  |TAMS 0x0000000724e00000| PB 0x0000000724e00000| Untracked 
|  22|0x0000000725000000, 0x0000000725000000, 0x0000000725200000|  0%| F|  |TAMS 0x0000000725000000| PB 0x0000000725000000| Untracked 
|  23|0x0000000725200000, 0x0000000725200000, 0x0000000725400000|  0%| F|  |TAMS 0x0000000725200000| PB 0x0000000725200000| Untracked 
|  24|0x0000000725400000, 0x0000000725400000, 0x0000000725600000|  0%| F|  |TAMS 0x0000000725400000| PB 0x0000000725400000| Untracked 
|  25|0x0000000725600000, 0x0000000725600000, 0x0000000725800000|  0%| F|  |TAMS 0x0000000725600000| PB 0x0000000725600000| Untracked 
|  26|0x0000000725800000, 0x0000000725800000, 0x0000000725a00000|  0%| F|  |TAMS 0x0000000725800000| PB 0x0000000725800000| Untracked 
|  27|0x0000000725a00000, 0x0000000725a00000, 0x0000000725c00000|  0%| F|  |TAMS 0x0000000725a00000| PB 0x0000000725a00000| Untracked 
|  28|0x0000000725c00000, 0x0000000725c00000, 0x0000000725e00000|  0%| F|  |TAMS 0x0000000725c00000| PB 0x0000000725c00000| Untracked 
|  29|0x0000000725e00000, 0x0000000725e00000, 0x0000000726000000|  0%| F|  |TAMS 0x0000000725e00000| PB 0x0000000725e00000| Untracked 
|  30|0x0000000726000000, 0x0000000726000000, 0x0000000726200000|  0%| F|  |TAMS 0x0000000726000000| PB 0x0000000726000000| Untracked 
|  31|0x0000000726200000, 0x0000000726200000, 0x0000000726400000|  0%| F|  |TAMS 0x0000000726200000| PB 0x0000000726200000| Untracked 
|  32|0x0000000726400000, 0x0000000726400000, 0x0000000726600000|  0%| F|  |TAMS 0x0000000726400000| PB 0x0000000726400000| Untracked 
|  33|0x0000000726600000, 0x0000000726600000, 0x0000000726800000|  0%| F|  |TAMS 0x0000000726600000| PB 0x0000000726600000| Untracked 
|  34|0x0000000726800000, 0x0000000726800000, 0x0000000726a00000|  0%| F|  |TAMS 0x0000000726800000| PB 0x0000000726800000| Untracked 
|  35|0x0000000726a00000, 0x0000000726a00000, 0x0000000726c00000|  0%| F|  |TAMS 0x0000000726a00000| PB 0x0000000726a00000| Untracked 
|  36|0x0000000726c00000, 0x0000000726c00000, 0x0000000726e00000|  0%| F|  |TAMS 0x0000000726c00000| PB 0x0000000726c00000| Untracked 
|  37|0x0000000726e00000, 0x0000000726e00000, 0x0000000727000000|  0%| F|  |TAMS 0x0000000726e00000| PB 0x0000000726e00000| Untracked 
|  38|0x0000000727000000, 0x0000000727000000, 0x0000000727200000|  0%| F|  |TAMS 0x0000000727000000| PB 0x0000000727000000| Untracked 
|  39|0x0000000727200000, 0x0000000727200000, 0x0000000727400000|  0%| F|  |TAMS 0x0000000727200000| PB 0x0000000727200000| Untracked 
|  40|0x0000000727400000, 0x0000000727400000, 0x0000000727600000|  0%| F|  |TAMS 0x0000000727400000| PB 0x0000000727400000| Untracked 
|  41|0x0000000727600000, 0x0000000727600000, 0x0000000727800000|  0%| F|  |TAMS 0x0000000727600000| PB 0x0000000727600000| Untracked 
|  42|0x0000000727800000, 0x0000000727800000, 0x0000000727a00000|  0%| F|  |TAMS 0x0000000727800000| PB 0x0000000727800000| Untracked 
|  43|0x0000000727a00000, 0x0000000727a00000, 0x0000000727c00000|  0%| F|  |TAMS 0x0000000727a00000| PB 0x0000000727a00000| Untracked 
|  44|0x0000000727c00000, 0x0000000727c00000, 0x0000000727e00000|  0%| F|  |TAMS 0x0000000727c00000| PB 0x0000000727c00000| Untracked 
|  45|0x0000000727e00000, 0x0000000727e00000, 0x0000000728000000|  0%| F|  |TAMS 0x0000000727e00000| PB 0x0000000727e00000| Untracked 
|  46|0x0000000728000000, 0x0000000728000000, 0x0000000728200000|  0%| F|  |TAMS 0x0000000728000000| PB 0x0000000728000000| Untracked 
|  47|0x0000000728200000, 0x0000000728200000, 0x0000000728400000|  0%| F|  |TAMS 0x0000000728200000| PB 0x0000000728200000| Untracked 
|  48|0x0000000728400000, 0x0000000728400000, 0x0000000728600000|  0%| F|  |TAMS 0x0000000728400000| PB 0x0000000728400000| Untracked 
|  49|0x0000000728600000, 0x0000000728600000, 0x0000000728800000|  0%| F|  |TAMS 0x0000000728600000| PB 0x0000000728600000| Untracked 
|  50|0x0000000728800000, 0x0000000728800000, 0x0000000728a00000|  0%| F|  |TAMS 0x0000000728800000| PB 0x0000000728800000| Untracked 
|  51|0x0000000728a00000, 0x0000000728a00000, 0x0000000728c00000|  0%| F|  |TAMS 0x0000000728a00000| PB 0x0000000728a00000| Untracked 
|  52|0x0000000728c00000, 0x0000000728c00000, 0x0000000728e00000|  0%| F|  |TAMS 0x0000000728c00000| PB 0x0000000728c00000| Untracked 
|  53|0x0000000728e00000, 0x0000000728e00000, 0x0000000729000000|  0%| F|  |TAMS 0x0000000728e00000| PB 0x0000000728e00000| Untracked 
|  54|0x0000000729000000, 0x0000000729000000, 0x0000000729200000|  0%| F|  |TAMS 0x0000000729000000| PB 0x0000000729000000| Untracked 
|  55|0x0000000729200000, 0x0000000729200000, 0x0000000729400000|  0%| F|  |TAMS 0x0000000729200000| PB 0x0000000729200000| Untracked 
|  56|0x0000000729400000, 0x0000000729400000, 0x0000000729600000|  0%| F|  |TAMS 0x0000000729400000| PB 0x0000000729400000| Untracked 
|  57|0x0000000729600000, 0x0000000729600000, 0x0000000729800000|  0%| F|  |TAMS 0x0000000729600000| PB 0x0000000729600000| Untracked 
|  58|0x0000000729800000, 0x0000000729800000, 0x0000000729a00000|  0%| F|  |TAMS 0x0000000729800000| PB 0x0000000729800000| Untracked 
|  59|0x0000000729a00000, 0x0000000729a00000, 0x0000000729c00000|  0%| F|  |TAMS 0x0000000729a00000| PB 0x0000000729a00000| Untracked 
|  60|0x0000000729c00000, 0x0000000729c00000, 0x0000000729e00000|  0%| F|  |TAMS 0x0000000729c00000| PB 0x0000000729c00000| Untracked 
|  61|0x0000000729e00000, 0x0000000729e00000, 0x000000072a000000|  0%| F|  |TAMS 0x0000000729e00000| PB 0x0000000729e00000| Untracked 
|  62|0x000000072a000000, 0x000000072a000000, 0x000000072a200000|  0%| F|  |TAMS 0x000000072a000000| PB 0x000000072a000000| Untracked 
|  63|0x000000072a200000, 0x000000072a200000, 0x000000072a400000|  0%| F|  |TAMS 0x000000072a200000| PB 0x000000072a200000| Untracked 
|  64|0x000000072a400000, 0x000000072a400000, 0x000000072a600000|  0%| F|  |TAMS 0x000000072a400000| PB 0x000000072a400000| Untracked 
|  65|0x000000072a600000, 0x000000072a600000, 0x000000072a800000|  0%| F|  |TAMS 0x000000072a600000| PB 0x000000072a600000| Untracked 
|  66|0x000000072a800000, 0x000000072a800000, 0x000000072aa00000|  0%| F|  |TAMS 0x000000072a800000| PB 0x000000072a800000| Untracked 
|  67|0x000000072aa00000, 0x000000072aa00000, 0x000000072ac00000|  0%| F|  |TAMS 0x000000072aa00000| PB 0x000000072aa00000| Untracked 
|  68|0x000000072ac00000, 0x000000072ac00000, 0x000000072ae00000|  0%| F|  |TAMS 0x000000072ac00000| PB 0x000000072ac00000| Untracked 
|  69|0x000000072ae00000, 0x000000072ae00000, 0x000000072b000000|  0%| F|  |TAMS 0x000000072ae00000| PB 0x000000072ae00000| Untracked 
|  70|0x000000072b000000, 0x000000072b000000, 0x000000072b200000|  0%| F|  |TAMS 0x000000072b000000| PB 0x000000072b000000| Untracked 
|  71|0x000000072b200000, 0x000000072b200000, 0x000000072b400000|  0%| F|  |TAMS 0x000000072b200000| PB 0x000000072b200000| Untracked 
|  72|0x000000072b400000, 0x000000072b400000, 0x000000072b600000|  0%| F|  |TAMS 0x000000072b400000| PB 0x000000072b400000| Untracked 
|  73|0x000000072b600000, 0x000000072b600000, 0x000000072b800000|  0%| F|  |TAMS 0x000000072b600000| PB 0x000000072b600000| Untracked 
|  74|0x000000072b800000, 0x000000072b800000, 0x000000072ba00000|  0%| F|  |TAMS 0x000000072b800000| PB 0x000000072b800000| Untracked 
|  75|0x000000072ba00000, 0x000000072ba00000, 0x000000072bc00000|  0%| F|  |TAMS 0x000000072ba00000| PB 0x000000072ba00000| Untracked 
|  76|0x000000072bc00000, 0x000000072bc00000, 0x000000072be00000|  0%| F|  |TAMS 0x000000072bc00000| PB 0x000000072bc00000| Untracked 
|  77|0x000000072be00000, 0x000000072be00000, 0x000000072c000000|  0%| F|  |TAMS 0x000000072be00000| PB 0x000000072be00000| Untracked 
|  78|0x000000072c000000, 0x000000072c000000, 0x000000072c200000|  0%| F|  |TAMS 0x000000072c000000| PB 0x000000072c000000| Untracked 
|  79|0x000000072c200000, 0x000000072c200000, 0x000000072c400000|  0%| F|  |TAMS 0x000000072c200000| PB 0x000000072c200000| Untracked 
|  80|0x000000072c400000, 0x000000072c400000, 0x000000072c600000|  0%| F|  |TAMS 0x000000072c400000| PB 0x000000072c400000| Untracked 
|  81|0x000000072c600000, 0x000000072c600000, 0x000000072c800000|  0%| F|  |TAMS 0x000000072c600000| PB 0x000000072c600000| Untracked 
|  82|0x000000072c800000, 0x000000072c800000, 0x000000072ca00000|  0%| F|  |TAMS 0x000000072c800000| PB 0x000000072c800000| Untracked 
|  83|0x000000072ca00000, 0x000000072ca00000, 0x000000072cc00000|  0%| F|  |TAMS 0x000000072ca00000| PB 0x000000072ca00000| Untracked 
|  84|0x000000072cc00000, 0x000000072cc00000, 0x000000072ce00000|  0%| F|  |TAMS 0x000000072cc00000| PB 0x000000072cc00000| Untracked 
|  85|0x000000072ce00000, 0x000000072ce00000, 0x000000072d000000|  0%| F|  |TAMS 0x000000072ce00000| PB 0x000000072ce00000| Untracked 
|  86|0x000000072d000000, 0x000000072d000000, 0x000000072d200000|  0%| F|  |TAMS 0x000000072d000000| PB 0x000000072d000000| Untracked 
|  87|0x000000072d200000, 0x000000072d200000, 0x000000072d400000|  0%| F|  |TAMS 0x000000072d200000| PB 0x000000072d200000| Untracked 
|  88|0x000000072d400000, 0x000000072d400000, 0x000000072d600000|  0%| F|  |TAMS 0x000000072d400000| PB 0x000000072d400000| Untracked 
|  89|0x000000072d600000, 0x000000072d600000, 0x000000072d800000|  0%| F|  |TAMS 0x000000072d600000| PB 0x000000072d600000| Untracked 
|  90|0x000000072d800000, 0x000000072d800000, 0x000000072da00000|  0%| F|  |TAMS 0x000000072d800000| PB 0x000000072d800000| Untracked 
|  91|0x000000072da00000, 0x000000072da00000, 0x000000072dc00000|  0%| F|  |TAMS 0x000000072da00000| PB 0x000000072da00000| Untracked 
|  92|0x000000072dc00000, 0x000000072dc00000, 0x000000072de00000|  0%| F|  |TAMS 0x000000072dc00000| PB 0x000000072dc00000| Untracked 
|  93|0x000000072de00000, 0x000000072de00000, 0x000000072e000000|  0%| F|  |TAMS 0x000000072de00000| PB 0x000000072de00000| Untracked 
|  94|0x000000072e000000, 0x000000072e000000, 0x000000072e200000|  0%| F|  |TAMS 0x000000072e000000| PB 0x000000072e000000| Untracked 
|  95|0x000000072e200000, 0x000000072e200000, 0x000000072e400000|  0%| F|  |TAMS 0x000000072e200000| PB 0x000000072e200000| Untracked 
|  96|0x000000072e400000, 0x000000072e400000, 0x000000072e600000|  0%| F|  |TAMS 0x000000072e400000| PB 0x000000072e400000| Untracked 
|  97|0x000000072e600000, 0x000000072e600000, 0x000000072e800000|  0%| F|  |TAMS 0x000000072e600000| PB 0x000000072e600000| Untracked 
|  98|0x000000072e800000, 0x000000072e98b2d8, 0x000000072ea00000| 77%| S|CS|TAMS 0x000000072e800000| PB 0x000000072e800000| Complete 
|  99|0x000000072ea00000, 0x000000072ec00000, 0x000000072ec00000|100%| S|CS|TAMS 0x000000072ea00000| PB 0x000000072ea00000| Complete 
| 100|0x000000072ec00000, 0x000000072ec00000, 0x000000072ee00000|  0%| F|  |TAMS 0x000000072ec00000| PB 0x000000072ec00000| Untracked 
| 101|0x000000072ee00000, 0x000000072ee00000, 0x000000072f000000|  0%| F|  |TAMS 0x000000072ee00000| PB 0x000000072ee00000| Untracked 
| 102|0x000000072f000000, 0x000000072f000000, 0x000000072f200000|  0%| F|  |TAMS 0x000000072f000000| PB 0x000000072f000000| Untracked 
| 103|0x000000072f200000, 0x000000072f200000, 0x000000072f400000|  0%| F|  |TAMS 0x000000072f200000| PB 0x000000072f200000| Untracked 
| 104|0x000000072f400000, 0x000000072f400000, 0x000000072f600000|  0%| F|  |TAMS 0x000000072f400000| PB 0x000000072f400000| Untracked 
| 105|0x000000072f600000, 0x000000072f600000, 0x000000072f800000|  0%| F|  |TAMS 0x000000072f600000| PB 0x000000072f600000| Untracked 
| 106|0x000000072f800000, 0x000000072f800000, 0x000000072fa00000|  0%| F|  |TAMS 0x000000072f800000| PB 0x000000072f800000| Untracked 
| 107|0x000000072fa00000, 0x000000072fa00000, 0x000000072fc00000|  0%| F|  |TAMS 0x000000072fa00000| PB 0x000000072fa00000| Untracked 
| 108|0x000000072fc00000, 0x000000072fc00000, 0x000000072fe00000|  0%| F|  |TAMS 0x000000072fc00000| PB 0x000000072fc00000| Untracked 
| 109|0x000000072fe00000, 0x000000072fe5c2f0, 0x0000000730000000| 18%| E|  |TAMS 0x000000072fe00000| PB 0x000000072fe00000| Complete 
| 110|0x0000000730000000, 0x0000000730200000, 0x0000000730200000|100%| E|CS|TAMS 0x0000000730000000| PB 0x0000000730000000| Complete 

Card table byte_map: [0x000001bac86e0000,0x000001bac8dd0000] _byte_map_base: 0x000001bac4dce000

Marking Bits: (CMBitMap*) 0x000001bab477db40
 Bits: [0x000001bac8dd0000, 0x000001bacc540000)

Polling page: 0x000001bab3ee0000

Metaspace:

Usage:
  Non-class:      7.19 MB used.
      Class:    878.92 KB used.
       Both:      8.05 MB used.

Virtual space:
  Non-class space:       64.00 MB reserved,       7.25 MB ( 11%) committed,  1 nodes.
      Class space:        1.00 GB reserved,     960.00 KB ( <1%) committed,  1 nodes.
             Both:        1.06 GB reserved,       8.19 MB ( <1%) committed. 

Chunk freelists:
   Non-Class:  5.48 MB
       Class:  14.90 MB
        Both:  20.39 MB

MaxMetaspaceSize: unlimited
CompressedClassSpaceSize: 1.00 GB
Initial GC threshold: 21.00 MB
Current GC threshold: 21.00 MB
CDS: on
 - commit_granule_bytes: 65536.
 - commit_granule_words: 8192.
 - virtual_space_node_default_size: 8388608.
 - enlarge_chunks_in_place: 1.
 - use_allocation_guard: 0.


Internal statistics:

num_allocs_failed_limit: 0.
num_arena_births: 24.
num_arena_deaths: 0.
num_vsnodes_births: 2.
num_vsnodes_deaths: 0.
num_space_committed: 131.
num_space_uncommitted: 0.
num_chunks_returned_to_freelist: 0.
num_chunks_taken_from_freelist: 282.
num_chunk_merges: 0.
num_chunk_splits: 250.
num_chunks_enlarged: 238.
num_inconsistent_stats: 0.

CodeHeap 'non-profiled nmethods': size=119168Kb used=230Kb max_used=230Kb free=118937Kb
 bounds [0x000001bac0300000, 0x000001bac0570000, 0x000001bac7760000]
CodeHeap 'profiled nmethods': size=119104Kb used=1652Kb max_used=1652Kb free=117451Kb
 bounds [0x000001bab8760000, 0x000001bab89d0000, 0x000001babfbb0000]
CodeHeap 'non-nmethods': size=7488Kb used=1938Kb max_used=1951Kb free=5549Kb
 bounds [0x000001babfbb0000, 0x000001babfe20000, 0x000001bac0300000]
CodeCache: size=245760Kb, used=3820Kb, max_used=3833Kb, free=241937Kb
 total_blobs=1389, nmethods=915, adapters=378, full_count=0
Compilation: enabled, stopped_count=0, restarted_count=0

Compilation events (20 events):
Event: 0.562 Thread 0x000001bacf7d8c50  873       1       kotlin.reflect.jvm.internal.impl.protobuf.LiteralByteString::getOffsetIntoBytes (2 bytes)
Event: 0.562 Thread 0x000001bacf5abdb0  872       3       kotlin.reflect.jvm.internal.impl.protobuf.LazyStringArrayList::get (101 bytes)
Event: 0.562 Thread 0x000001bacf7d8c50 nmethod 873 0x000001bac0337e10 code [0x000001bac0337fa0, 0x000001bac0338068]
Event: 0.562 Thread 0x000001bacf5abdb0 nmethod 872 0x000001bab88eb590 code [0x000001bab88eb7e0, 0x000001bab88ec340]
Event: 0.563 Thread 0x000001bacf5abdb0  874       3       java.util.ArrayList::<init> (61 bytes)
Event: 0.563 Thread 0x000001bacf7d8c50  875       3       kotlin.reflect.jvm.internal.impl.protobuf.CodedOutputStream::writeRawByte (7 bytes)
Event: 0.563 Thread 0x000001bacf7d8c50 nmethod 875 0x000001bab88ec590 code [0x000001bab88ec740, 0x000001bab88ec880]
Event: 0.563 Thread 0x000001bacf7d8c50  876       3       kotlin.reflect.jvm.internal.impl.protobuf.CodedOutputStream::writeRawByte (43 bytes)
Event: 0.563 Thread 0x000001bacf7d8c50 nmethod 876 0x000001bab88ec910 code [0x000001bab88ecac0, 0x000001bab88ecc90]
Event: 0.563 Thread 0x000001bacf5abdb0 nmethod 874 0x000001bab88ecd90 code [0x000001bab88ed000, 0x000001bab88ed8e8]
Event: 0.566 Thread 0x000001bacf5abdb0  877       3       java.util.LinkedHashMap$LinkedHashIterator::nextNode (68 bytes)
Event: 0.566 Thread 0x000001bacf7d8c50  878       3       kotlin.jvm.internal.Intrinsics::areEqual (22 bytes)
Event: 0.566 Thread 0x000001bacf7d8c50 nmethod 878 0x000001bab88edc10 code [0x000001bab88eddc0, 0x000001bab88ee010]
Event: 0.566 Thread 0x000001bacf5abdb0 nmethod 877 0x000001bab88ee110 code [0x000001bab88ee300, 0x000001bab88ee708]
Event: 0.566 Thread 0x000001bacf5abdb0  879       3       java.util.LinkedList::addFirst (6 bytes)
Event: 0.566 Thread 0x000001bacf7d8c50  880       3       java.util.LinkedList::linkFirst (59 bytes)
Event: 0.566 Thread 0x000001bacf5abdb0 nmethod 879 0x000001bab88ee890 code [0x000001bab88eea40, 0x000001bab88eeb78]
Event: 0.566 Thread 0x000001bacf5abdb0  881       3       java.util.LinkedList$Node::<init> (20 bytes)
Event: 0.567 Thread 0x000001bacf5abdb0 nmethod 881 0x000001bab88eec10 code [0x000001bab88eedc0, 0x000001bab88ef058]
Event: 0.567 Thread 0x000001bacf7d8c50 nmethod 880 0x000001bab88ef110 code [0x000001bab88ef2e0, 0x000001bab88ef760]

GC Heap History (2 events):
Event: 0.543 GC heap before
{Heap before GC invocations=0 (full 0):
 garbage-first heap   total 227328K, used 26624K [0x0000000722400000, 0x0000000800000000)
  region size 2048K, 11 young (22528K), 0 survivors (0K)
 Metaspace       used 7779K, committed 7936K, reserved 1114112K
  class space    used 821K, committed 896K, reserved 1048576K
}
Event: 0.548 GC heap after
{Heap after GC invocations=1 (full 0):
 garbage-first heap   total 227328K, used 9772K [0x0000000722400000, 0x0000000800000000)
  region size 2048K, 2 young (4096K), 2 survivors (4096K)
 Metaspace       used 7779K, committed 7936K, reserved 1114112K
  class space    used 821K, committed 896K, reserved 1048576K
}

Dll operation events (1 events):
Event: 0.007 Loaded shared library C:\Users\Alex\AppData\Local\Programs\Rider\jbr\bin\java.dll

Deoptimization events (20 events):
Event: 0.473 Thread 0x000001bab255ca00 Uncommon trap: trap_request=0xffffffc6 fr.pc=0x000001bac0329164 relative=0x00000000000003e4
Event: 0.473 Thread 0x000001bab255ca00 Uncommon trap: reason=bimorphic_or_optimized_type_check action=maybe_recompile pc=0x000001bac0329164 method=java.util.concurrent.ConcurrentHashMap.get(Ljava/lang/Object;)Ljava/lang/Object; @ 149 c2
Event: 0.473 Thread 0x000001bab255ca00 DEOPT PACKING pc=0x000001bac0329164 sp=0x0000001c130fc3e0
Event: 0.473 Thread 0x000001bab255ca00 DEOPT UNPACKING pc=0x000001babfc046a2 sp=0x0000001c130fc360 mode 2
Event: 0.473 Thread 0x000001bab255ca00 Uncommon trap: trap_request=0xffffffc6 fr.pc=0x000001bac0329164 relative=0x00000000000003e4
Event: 0.473 Thread 0x000001bab255ca00 Uncommon trap: reason=bimorphic_or_optimized_type_check action=maybe_recompile pc=0x000001bac0329164 method=java.util.concurrent.ConcurrentHashMap.get(Ljava/lang/Object;)Ljava/lang/Object; @ 149 c2
Event: 0.473 Thread 0x000001bab255ca00 DEOPT PACKING pc=0x000001bac0329164 sp=0x0000001c130fc3e0
Event: 0.473 Thread 0x000001bab255ca00 DEOPT UNPACKING pc=0x000001babfc046a2 sp=0x0000001c130fc360 mode 2
Event: 0.473 Thread 0x000001bab255ca00 Uncommon trap: trap_request=0xffffffc6 fr.pc=0x000001bac0329164 relative=0x00000000000003e4
Event: 0.473 Thread 0x000001bab255ca00 Uncommon trap: reason=bimorphic_or_optimized_type_check action=maybe_recompile pc=0x000001bac0329164 method=java.util.concurrent.ConcurrentHashMap.get(Ljava/lang/Object;)Ljava/lang/Object; @ 149 c2
Event: 0.473 Thread 0x000001bab255ca00 DEOPT PACKING pc=0x000001bac0329164 sp=0x0000001c130fc3e0
Event: 0.473 Thread 0x000001bab255ca00 DEOPT UNPACKING pc=0x000001babfc046a2 sp=0x0000001c130fc360 mode 2
Event: 0.473 Thread 0x000001bab255ca00 Uncommon trap: trap_request=0xffffffc6 fr.pc=0x000001bac0329164 relative=0x00000000000003e4
Event: 0.473 Thread 0x000001bab255ca00 Uncommon trap: reason=bimorphic_or_optimized_type_check action=maybe_recompile pc=0x000001bac0329164 method=java.util.concurrent.ConcurrentHashMap.get(Ljava/lang/Object;)Ljava/lang/Object; @ 149 c2
Event: 0.473 Thread 0x000001bab255ca00 DEOPT PACKING pc=0x000001bac0329164 sp=0x0000001c130fc810
Event: 0.473 Thread 0x000001bab255ca00 DEOPT UNPACKING pc=0x000001babfc046a2 sp=0x0000001c130fc790 mode 2
Event: 0.538 Thread 0x000001bab255ca00 Uncommon trap: trap_request=0xffffff45 fr.pc=0x000001bac0331fd0 relative=0x0000000000000110
Event: 0.538 Thread 0x000001bab255ca00 Uncommon trap: reason=unstable_if action=reinterpret pc=0x000001bac0331fd0 method=kotlin.reflect.jvm.internal.impl.protobuf.CodedInputStream.readRawVarint32()I @ 10 c2
Event: 0.538 Thread 0x000001bab255ca00 DEOPT PACKING pc=0x000001bac0331fd0 sp=0x0000001c130fc040
Event: 0.538 Thread 0x000001bab255ca00 DEOPT UNPACKING pc=0x000001babfc046a2 sp=0x0000001c130fbfc0 mode 2

Classes loaded (2 events):
Event: 0.057 Loading class jdk/internal/vm/PostVMInitHook
Event: 0.057 Loading class jdk/internal/vm/PostVMInitHook done

Classes unloaded (0 events):
No events

Classes redefined (0 events):
No events

Internal exceptions (3 events):
Event: 0.373 Thread 0x000001bab255ca00 Implicit null exception at 0x000001bac0320120 to 0x000001bac0320770
Event: 0.435 Thread 0x000001bab255ca00 Implicit null exception at 0x000001bac0320e20 to 0x000001bac0321478
Event: 0.479 Thread 0x000001bab255ca00 Exception <a 'java/lang/NoSuchMethodError'{0x000000072ee80b78}: 'int java.lang.invoke.DirectMethodHandle$Holder.invokeInterface(java.lang.Object, java.lang.Object)'> (0x000000072ee80b78) 
thrown [s\src\hotspot\share\interpreter\linkResolver.cpp, line 784]

ZGC Phase Switch (0 events):
No events

VM Operations (10 events):
Event: 0.090 Executing VM operation: HandshakeAllThreads (Deoptimize)
Event: 0.090 Executing VM operation: HandshakeAllThreads (Deoptimize) done
Event: 0.140 Executing VM operation: HandshakeAllThreads (Deoptimize)
Event: 0.140 Executing VM operation: HandshakeAllThreads (Deoptimize) done
Event: 0.152 Executing VM operation: HandshakeAllThreads (Deoptimize)
Event: 0.152 Executing VM operation: HandshakeAllThreads (Deoptimize) done
Event: 0.210 Executing VM operation: HandshakeAllThreads (Deoptimize)
Event: 0.210 Executing VM operation: HandshakeAllThreads (Deoptimize) done
Event: 0.542 Executing VM operation: G1CollectForAllocation (G1 Evacuation Pause)
Event: 0.548 Executing VM operation: G1CollectForAllocation (G1 Evacuation Pause) done

Memory protections (0 events):
No events

Nmethod flushes (0 events):
No events

Events (16 events):
Event: 0.030 Thread 0x000001bab255ca00 Thread added: 0x000001bab255ca00
Event: 0.041 Thread 0x000001bab255ca00 Thread added: 0x000001bacf584cf0
Event: 0.042 Thread 0x000001bab255ca00 Thread added: 0x000001bacf58bf80
Event: 0.042 Thread 0x000001bab255ca00 Thread added: 0x000001bacf58cca0
Event: 0.042 Thread 0x000001bab255ca00 Thread added: 0x000001bacf58e990
Event: 0.042 Thread 0x000001bab255ca00 Thread added: 0x000001bacf58f3f0
Event: 0.042 Thread 0x000001bab255ca00 Thread added: 0x000001bacf58fe50
Event: 0.042 Thread 0x000001bab255ca00 Thread added: 0x000001bacf5928c0
Event: 0.043 Thread 0x000001bab255ca00 Thread added: 0x000001bacf5a16c0
Event: 0.043 Thread 0x000001bab255ca00 Thread added: 0x000001bacf5abdb0
Event: 0.054 Thread 0x000001bacf5abdb0 Thread added: 0x000001bacf7d8c50
Event: 0.057 Thread 0x000001bab255ca00 Thread added: 0x000001bacf8264c0
Event: 0.061 Loaded shared library C:\Users\Alex\AppData\Local\Programs\Rider\jbr\bin\net.dll
Event: 0.062 Loaded shared library C:\Users\Alex\AppData\Local\Programs\Rider\jbr\bin\nio.dll
Event: 0.066 Loaded shared library C:\Users\Alex\AppData\Local\Programs\Rider\jbr\bin\zip.dll
Event: 0.144 Loaded shared library C:\Users\Alex\AppData\Local\Programs\Rider\jbr\bin\jimage.dll


Dynamic libraries:
0x00007ff7cf2d0000 - 0x00007ff7cf2da000 	C:\Users\Alex\AppData\Local\Programs\Rider\jbr\bin\java.exe
0x00007ffab9b90000 - 0x00007ffab9d88000 	C:\WINDOWS\SYSTEM32\ntdll.dll
0x00007ffab8eb0000 - 0x00007ffab8f72000 	C:\WINDOWS\System32\KERNEL32.DLL
0x00007ffab7620000 - 0x00007ffab7916000 	C:\WINDOWS\System32\KERNELBASE.dll
0x00007ffab4810000 - 0x00007ffab48a4000 	C:\WINDOWS\SYSTEM32\apphelp.dll
0x00007ffab7280000 - 0x00007ffab7380000 	C:\WINDOWS\System32\ucrtbase.dll
0x00007ffa60eb0000 - 0x00007ffa60ec8000 	C:\Users\Alex\AppData\Local\Programs\Rider\jbr\bin\jli.dll
0x00007ffa573c0000 - 0x00007ffa573db000 	C:\Users\Alex\AppData\Local\Programs\Rider\jbr\bin\VCRUNTIME140.dll
0x00007ffab7d00000 - 0x00007ffab7e9d000 	C:\WINDOWS\System32\USER32.dll
0x00007ffaab620000 - 0x00007ffaab8bb000 	C:\WINDOWS\WinSxS\amd64_microsoft.windows.common-controls_6595b64144ccf1df_6.0.19041.6280_none_60bc30a171f2f3f3\COMCTL32.dll
0x00007ffab7520000 - 0x00007ffab7542000 	C:\WINDOWS\System32\win32u.dll
0x00007ffab7c60000 - 0x00007ffab7cfe000 	C:\WINDOWS\System32\msvcrt.dll
0x00007ffab8f80000 - 0x00007ffab8fab000 	C:\WINDOWS\System32\GDI32.dll
0x00007ffab7380000 - 0x00007ffab7499000 	C:\WINDOWS\System32\gdi32full.dll
0x00007ffab7580000 - 0x00007ffab761d000 	C:\WINDOWS\System32\msvcp_win.dll
0x00007ffab7bc0000 - 0x00007ffab7bef000 	C:\WINDOWS\System32\IMM32.DLL
0x00007ffa651b0000 - 0x00007ffa651bc000 	C:\Users\Alex\AppData\Local\Programs\Rider\jbr\bin\vcruntime140_1.dll
0x00007ff9c2950000 - 0x00007ff9c29dd000 	C:\Users\Alex\AppData\Local\Programs\Rider\jbr\bin\msvcp140.dll
0x00007ff9e13d0000 - 0x00007ff9e219b000 	C:\Users\Alex\AppData\Local\Programs\Rider\jbr\bin\server\jvm.dll
0x00007ffab8de0000 - 0x00007ffab8e91000 	C:\WINDOWS\System32\ADVAPI32.dll
0x00007ffab9a50000 - 0x00007ffab9aef000 	C:\WINDOWS\System32\sechost.dll
0x00007ffab9650000 - 0x00007ffab9770000 	C:\WINDOWS\System32\RPCRT4.dll
0x00007ffab7550000 - 0x00007ffab7577000 	C:\WINDOWS\System32\bcrypt.dll
0x00007ffab8880000 - 0x00007ffab88eb000 	C:\WINDOWS\System32\WS2_32.dll
0x00007ffab6c80000 - 0x00007ffab6ccb000 	C:\WINDOWS\SYSTEM32\POWRPROF.dll
0x00007ffaaf1b0000 - 0x00007ffaaf1ba000 	C:\WINDOWS\SYSTEM32\VERSION.dll
0x00007ffaad3f0000 - 0x00007ffaad417000 	C:\WINDOWS\SYSTEM32\WINMM.dll
0x00007ffab6c20000 - 0x00007ffab6c32000 	C:\WINDOWS\SYSTEM32\UMPDC.dll
0x00007ffab50b0000 - 0x00007ffab50c2000 	C:\WINDOWS\SYSTEM32\kernel.appcore.dll
0x00007ffa62bc0000 - 0x00007ffa62bca000 	C:\Users\Alex\AppData\Local\Programs\Rider\jbr\bin\jimage.dll
0x00007ffaaca20000 - 0x00007ffaacc21000 	C:\WINDOWS\SYSTEM32\DBGHELP.DLL
0x00007ffaa68c0000 - 0x00007ffaa68f4000 	C:\WINDOWS\SYSTEM32\dbgcore.DLL
0x00007ffab7a80000 - 0x00007ffab7b02000 	C:\WINDOWS\System32\bcryptPrimitives.dll
0x00007ffa57180000 - 0x00007ffa571a0000 	C:\Users\Alex\AppData\Local\Programs\Rider\jbr\bin\java.dll
0x00007ffab8110000 - 0x00007ffab8880000 	C:\WINDOWS\System32\SHELL32.dll
0x00007ffab52b0000 - 0x00007ffab5a55000 	C:\WINDOWS\SYSTEM32\windows.storage.dll
0x00007ffab8a80000 - 0x00007ffab8dd3000 	C:\WINDOWS\System32\combase.dll
0x00007ffab6bf0000 - 0x00007ffab6c1b000 	C:\WINDOWS\SYSTEM32\Wldp.dll
0x00007ffab8fb0000 - 0x00007ffab907d000 	C:\WINDOWS\System32\OLEAUT32.dll
0x00007ffab99a0000 - 0x00007ffab9a4d000 	C:\WINDOWS\System32\SHCORE.dll
0x00007ffab90e0000 - 0x00007ffab913b000 	C:\WINDOWS\System32\shlwapi.dll
0x00007ffab7160000 - 0x00007ffab7184000 	C:\WINDOWS\SYSTEM32\profapi.dll
0x00007ffa619f0000 - 0x00007ffa61a00000 	C:\Users\Alex\AppData\Local\Programs\Rider\jbr\bin\net.dll
0x00007ffaaf470000 - 0x00007ffaaf57a000 	C:\WINDOWS\SYSTEM32\WINHTTP.dll
0x00007ffab6950000 - 0x00007ffab69ba000 	C:\WINDOWS\system32\mswsock.dll
0x00007ffa57140000 - 0x00007ffa57156000 	C:\Users\Alex\AppData\Local\Programs\Rider\jbr\bin\nio.dll
0x00007ffa57160000 - 0x00007ffa57178000 	C:\Users\Alex\AppData\Local\Programs\Rider\jbr\bin\zip.dll

JVMTI agents: none

dbghelp: loaded successfully - version: 4.0.5 - missing functions: none
symbol engine: initialized successfully - sym options: 0x614 - pdb path: .;C:\Users\Alex\AppData\Local\Programs\Rider\jbr\bin;C:\WINDOWS\SYSTEM32;C:\WINDOWS\WinSxS\amd64_microsoft.windows.common-controls_6595b64144ccf1df_6.0.19041.6280_none_60bc30a171f2f3f3;C:\Users\Alex\AppData\Local\Programs\Rider\jbr\bin\server

VM Arguments:
java_command: com.intellij.mcpserver.stdio.McpStdioRunnerKt
java_class_path (initial): C:\Users\Alex\AppData\Local\Programs\Rider\plugins\mcpserver\lib\mcpserver-frontend.jar;C:\Users\Alex\AppData\Local\Programs\Rider\lib\util-8.jar;C:\Users\Alex\AppData\Local\Programs\Rider\lib\modules\intellij.libraries.ktor.client.cio.jar;C:\Users\Alex\AppData\Local\Programs\Rider\lib\lib-client.jar;C:\Users\Alex\AppData\Local\Programs\Rider\lib\modules\intellij.libraries.ktor.client.jar
Launcher Type: SUN_STANDARD

[Global flags]
     intx CICompilerCount                          = 12                                        {product} {ergonomic}
     uint ConcGCThreads                            = 3                                         {product} {ergonomic}
     uint G1ConcRefinementThreads                  = 13                                        {product} {ergonomic}
   size_t G1HeapRegionSize                         = 2097152                                   {product} {ergonomic}
    uintx GCDrainStackTargetSize                   = 64                                        {product} {ergonomic}
   size_t InitialHeapSize                          = 232783872                                 {product} {ergonomic}
   size_t MarkStackSize                            = 4194304                                   {product} {ergonomic}
   size_t MaxHeapSize                              = 3720347648                                {product} {ergonomic}
   size_t MaxNewSize                               = 2231369728                                {product} {ergonomic}
   size_t MinHeapDeltaBytes                        = 2097152                                   {product} {ergonomic}
   size_t MinHeapSize                              = 8388608                                   {product} {ergonomic}
    uintx NonNMethodCodeHeapSize                   = 7602480                                {pd product} {ergonomic}
    uintx NonProfiledCodeHeapSize                  = 122027880                              {pd product} {ergonomic}
    uintx ProfiledCodeHeapSize                     = 122027880                              {pd product} {ergonomic}
    uintx ReservedCodeCacheSize                    = 251658240                              {pd product} {ergonomic}
     bool SegmentedCodeCache                       = true                                      {product} {ergonomic}
   size_t SoftMaxHeapSize                          = 3720347648                             {manageable} {ergonomic}
     bool UseCompressedOops                        = true                           {product lp64_product} {ergonomic}
     bool UseG1GC                                  = true                                      {product} {ergonomic}
     bool UseLargePagesIndividualAllocation        = false                                  {pd product} {ergonomic}

Logging:
Log output configuration:
 #0: stdout all=warning uptime,level,tags foldmultilines=false
 #1: stderr all=off uptime,level,tags foldmultilines=false

Environment Variables:
PATH=C:\WINDOWS\system32;C:\WINDOWS;C:\WINDOWS\System32\Wbem;C:\WINDOWS\System32\WindowsPowerShell\v1.0\;C:\WINDOWS\System32\OpenSSH\;C:\Program Files\Git\cmd;C:\Program Files\nodejs\;C:\Program Files\Portugal Identity Card\;C:\Program Files\dotnet\;C:\Program Files (x86)\Windows Kits\10\Windows Performance Toolkit\;C:\Users\Alex\AppData\Local\Microsoft\dotnet;C:\Users\Alex\AppData\Local\Microsoft\WindowsApps;C:\Users\Alex\AppData\Local\gitkraken\bin;C:\Users\Alex\AppData\Local\JetBrains\Toolbox\scripts;C:\Users\Alex\AppData\Roaming\npm;C:\Users\Alex\.dotnet\tools
USERNAME=Alex
SHELL=C:\Program Files\Git\bin\bash.exe
OS=Windows_NT
PROCESSOR_IDENTIFIER=AMD64 Family 25 Model 80 Stepping 0, AuthenticAMD
TMP=C:\Users\Alex\AppData\Local\Temp
TEMP=C:\Users\Alex\AppData\Local\Temp




Periodic native trim disabled

JNI global refs:
JNI global refs: 16, weak refs: 1

JNI global refs memory usage: 835, weak refs: 833

Process memory usage:
Resident Set Size: 100884K (0% of 14528572K total physical memory with 16152K free physical memory)

OOME stack traces (most recent first):
Classloader memory used:
